------------------------------------------------------------
TimeQuest Timing Analyzer Summary
------------------------------------------------------------

Type  : Slow 1200mV 85C Model Setup 'pll|altpll_component|auto_generated|pll1|clk[1]'
Slack : -4.778
TNS   : -16.917

Type  : Slow 1200mV 85C Model Setup 'MOUSE:mouse_sp2|clock_mouse_FILTER'
Slack : -2.332
TNS   : -124.398

Type  : Slow 1200mV 85C Model Setup 'keyboard:teclado|keyboard_clk_filtered'
Slack : -1.216
TNS   : -21.938

Type  : Slow 1200mV 85C Model Setup 'pll|altpll_component|auto_generated|pll1|clk[0]'
Slack : 10.665
TNS   : 0.000

Type  : Slow 1200mV 85C Model Hold 'MOUSE:mouse_sp2|clock_mouse_FILTER'
Slack : -1.434
TNS   : -67.106

Type  : Slow 1200mV 85C Model Hold 'pll|altpll_component|auto_generated|pll1|clk[1]'
Slack : -0.231
TNS   : -0.440

Type  : Slow 1200mV 85C Model Hold 'pll|altpll_component|auto_generated|pll1|clk[0]'
Slack : 0.401
TNS   : 0.000

Type  : Slow 1200mV 85C Model Hold 'keyboard:teclado|keyboard_clk_filtered'
Slack : 0.403
TNS   : 0.000

Type  : Slow 1200mV 85C Model Recovery 'MOUSE:mouse_sp2|clock_mouse_FILTER'
Slack : 0.206
TNS   : 0.000

Type  : Slow 1200mV 85C Model Removal 'MOUSE:mouse_sp2|clock_mouse_FILTER'
Slack : -1.379
TNS   : -21.728

Type  : Slow 1200mV 85C Model Minimum Pulse Width 'MOUSE:mouse_sp2|clock_mouse_FILTER'
Slack : -1.285
TNS   : -82.240

Type  : Slow 1200mV 85C Model Minimum Pulse Width 'keyboard:teclado|keyboard_clk_filtered'
Slack : -1.285
TNS   : -28.270

Type  : Slow 1200mV 85C Model Minimum Pulse Width 'CLOCK_50'
Slack : 9.891
TNS   : 0.000

Type  : Slow 1200mV 85C Model Minimum Pulse Width 'pll|altpll_component|auto_generated|pll1|clk[0]'
Slack : 19.515
TNS   : 0.000

Type  : Slow 1200mV 85C Model Minimum Pulse Width 'pll|altpll_component|auto_generated|pll1|clk[1]'
Slack : 20.559
TNS   : 0.000

Type  : Slow 1200mV 0C Model Setup 'pll|altpll_component|auto_generated|pll1|clk[1]'
Slack : -4.163
TNS   : -14.649

Type  : Slow 1200mV 0C Model Setup 'MOUSE:mouse_sp2|clock_mouse_FILTER'
Slack : -2.035
TNS   : -109.168

Type  : Slow 1200mV 0C Model Setup 'keyboard:teclado|keyboard_clk_filtered'
Slack : -1.027
TNS   : -18.018

Type  : Slow 1200mV 0C Model Setup 'pll|altpll_component|auto_generated|pll1|clk[0]'
Slack : 13.445
TNS   : 0.000

Type  : Slow 1200mV 0C Model Hold 'MOUSE:mouse_sp2|clock_mouse_FILTER'
Slack : -1.209
TNS   : -52.017

Type  : Slow 1200mV 0C Model Hold 'pll|altpll_component|auto_generated|pll1|clk[1]'
Slack : -0.333
TNS   : -0.644

Type  : Slow 1200mV 0C Model Hold 'keyboard:teclado|keyboard_clk_filtered'
Slack : 0.354
TNS   : 0.000

Type  : Slow 1200mV 0C Model Hold 'pll|altpll_component|auto_generated|pll1|clk[0]'
Slack : 0.354
TNS   : 0.000

Type  : Slow 1200mV 0C Model Recovery 'MOUSE:mouse_sp2|clock_mouse_FILTER'
Slack : 0.043
TNS   : 0.000

Type  : Slow 1200mV 0C Model Removal 'MOUSE:mouse_sp2|clock_mouse_FILTER'
Slack : -1.083
TNS   : -17.022

Type  : Slow 1200mV 0C Model Minimum Pulse Width 'MOUSE:mouse_sp2|clock_mouse_FILTER'
Slack : -1.285
TNS   : -82.240

Type  : Slow 1200mV 0C Model Minimum Pulse Width 'keyboard:teclado|keyboard_clk_filtered'
Slack : -1.285
TNS   : -28.270

Type  : Slow 1200mV 0C Model Minimum Pulse Width 'CLOCK_50'
Slack : 9.887
TNS   : 0.000

Type  : Slow 1200mV 0C Model Minimum Pulse Width 'pll|altpll_component|auto_generated|pll1|clk[0]'
Slack : 19.488
TNS   : 0.000

Type  : Slow 1200mV 0C Model Minimum Pulse Width 'pll|altpll_component|auto_generated|pll1|clk[1]'
Slack : 20.544
TNS   : 0.000

Type  : Fast 1200mV 0C Model Setup 'pll|altpll_component|auto_generated|pll1|clk[1]'
Slack : -2.591
TNS   : -9.144

Type  : Fast 1200mV 0C Model Setup 'MOUSE:mouse_sp2|clock_mouse_FILTER'
Slack : -0.608
TNS   : -27.629

Type  : Fast 1200mV 0C Model Setup 'keyboard:teclado|keyboard_clk_filtered'
Slack : -0.053
TNS   : -0.477

Type  : Fast 1200mV 0C Model Setup 'pll|altpll_component|auto_generated|pll1|clk[0]'
Slack : 25.427
TNS   : 0.000

Type  : Fast 1200mV 0C Model Hold 'MOUSE:mouse_sp2|clock_mouse_FILTER'
Slack : -1.015
TNS   : -47.945

Type  : Fast 1200mV 0C Model Hold 'pll|altpll_component|auto_generated|pll1|clk[1]'
Slack : -0.137
TNS   : -0.261

Type  : Fast 1200mV 0C Model Hold 'pll|altpll_component|auto_generated|pll1|clk[0]'
Slack : 0.167
TNS   : 0.000

Type  : Fast 1200mV 0C Model Hold 'keyboard:teclado|keyboard_clk_filtered'
Slack : 0.182
TNS   : 0.000

Type  : Fast 1200mV 0C Model Recovery 'MOUSE:mouse_sp2|clock_mouse_FILTER'
Slack : 0.176
TNS   : 0.000

Type  : Fast 1200mV 0C Model Removal 'MOUSE:mouse_sp2|clock_mouse_FILTER'
Slack : -0.949
TNS   : -15.088

Type  : Fast 1200mV 0C Model Minimum Pulse Width 'MOUSE:mouse_sp2|clock_mouse_FILTER'
Slack : -1.000
TNS   : -64.000

Type  : Fast 1200mV 0C Model Minimum Pulse Width 'keyboard:teclado|keyboard_clk_filtered'
Slack : -1.000
TNS   : -22.000

Type  : Fast 1200mV 0C Model Minimum Pulse Width 'CLOCK_50'
Slack : 9.574
TNS   : 0.000

Type  : Fast 1200mV 0C Model Minimum Pulse Width 'pll|altpll_component|auto_generated|pll1|clk[0]'
Slack : 19.558
TNS   : 0.000

Type  : Fast 1200mV 0C Model Minimum Pulse Width 'pll|altpll_component|auto_generated|pll1|clk[1]'
Slack : 20.632
TNS   : 0.000

------------------------------------------------------------
